# serializer version: 1
# name: TestStorage.test_load_task_json
  list([
    dict({
      'category': 'Личное',
      'description': 'test description 1',
      'due_date': '2026-12-20',
      'id': 1,
      'priority': 'Высокий',
      'status': 'Не выполнена',
      'title': 'test title 1',
    }),
    dict({
      'category': 'Работа',
      'description': 'test description 2',
      'due_date': '2025-12-23',
      'id': 2,
      'priority': 'Низкий',
      'status': 'Не выполнена',
      'title': 'test title 2',
    }),
  ])
# ---
